------------------------------------------------------------
TimeQuest Timing Analyzer Summary
------------------------------------------------------------

Type  : Slow 1200mV 85C Model Setup 'SickestClockKnownToMan'
Slack : 16.772
TNS   : 0.000

Type  : Slow 1200mV 85C Model Hold 'SickestClockKnownToMan'
Slack : 0.440
TNS   : 0.000

Type  : Slow 1200mV 85C Model Minimum Pulse Width 'SickestClockKnownToMan'
Slack : 9.762
TNS   : 0.000

Type  : Slow 1200mV 0C Model Setup 'SickestClockKnownToMan'
Slack : 17.009
TNS   : 0.000

Type  : Slow 1200mV 0C Model Hold 'SickestClockKnownToMan'
Slack : 0.387
TNS   : 0.000

Type  : Slow 1200mV 0C Model Minimum Pulse Width 'SickestClockKnownToMan'
Slack : 9.774
TNS   : 0.000

Type  : Fast 1200mV 0C Model Setup 'SickestClockKnownToMan'
Slack : 18.414
TNS   : 0.000

Type  : Fast 1200mV 0C Model Hold 'SickestClockKnownToMan'
Slack : 0.201
TNS   : 0.000

Type  : Fast 1200mV 0C Model Minimum Pulse Width 'SickestClockKnownToMan'
Slack : 9.413
TNS   : 0.000

------------------------------------------------------------
